// Vitest Snapshot v1, https://vitest.dev/guide/snapshot.html

exports[`multipleUpload > should render File input 1`] = `"<input data-v-50727c2e="" class="hidden" type="file" multiple="">"`;
