// Vitest Snapshot v1, https://vitest.dev/guide/snapshot.html

exports[`singleleUpload > should file mime type 1`] = `"<input data-v-820553f9="" class="hidden" type="file">"`;
